src/pages/admin/SurveyBuilder.tsx(74,55): error TS2339: Property 'createSurvey' does not exist on type '{ getAll: () => Promise<SurveyDto[]>; create: (data: SurveyDto) => Promise<SurveyDto>; getQuestions: (surveyId: string) => Promise<SurveyQuestionDto[]>; addQuestion: (surveyId: string, question: Omit<...>) => Promise<...>; submitResponse: (surveyId: string, response: SurveyResponseDto) => Promise<...>; submitRespons...'.
src/pages/admin/TestCatalog.tsx(10,11): error TS6196: 'Test' is declared but never used.
